[vakinhasdobem.org/salveohugo/index.html]
[backblue.gif]
[fade.gif]
[index.html]
[vakinhasdobem.org/salveohugo/feed/index.html]
[vakinhasdobem.org/salveohugo/comments/feed/index.html]
[vakinhasdobem.org/salveohugo/wp-content/themes/yith-wonder/style3c943c94.css]
[vakinhasdobem.org/salveohugo/wp-content/themes/yith-wonder/assets/css/general-block-style.min3c943c94.css]
[vakinhasdobem.org/salveohugo/wp-content/themes/yith-wonder/assets/css/registered-block-styles.min3c943c94.css]
[vakinhasdobem.org/salveohugo/wp-content/plugins/elementor/assets/css/frontend.min3dd93dd9.css]
[vakinhasdobem.org/salveohugo/wp-content/uploads/elementor/css/post-145c695c69.css]
[vakinhasdobem.org/salveohugo/wp-content/plugins/Elementor Pro v3.25.4 - The Most Advanced Website Builder Plugin/assets/css/conditionals/popup.min401f401f.css]
[vakinhasdobem.org/salveohugo/wp-content/plugins/elementor/assets/css/widget-heading.min3dd93dd9.css]
[vakinhasdobem.org/salveohugo/wp-content/plugins/elementor/assets/css/widget-spacer.min3dd93dd9.css]
[vakinhasdobem.org/salveohugo/wp-content/plugins/elementor/assets/css/widget-video.min3dd93dd9.css]
[vakinhasdobem.org/salveohugo/wp-content/plugins/elementor/assets/lib/swiper/v8/css/swiper.min94a494a4.css]
[vakinhasdobem.org/salveohugo/wp-content/plugins/elementor/assets/css/conditionals/e-swiper.min3dd93dd9.css]
[vakinhasdobem.org/salveohugo/wp-content/plugins/elementor/assets/css/widget-image-carousel.min3dd93dd9.css]
[vakinhasdobem.org/salveohugo/wp-content/uploads/elementor/css/post-204adedaded.css]
[vakinhasdobem.org/salveohugo/wp-includes/js/jquery/jquery.minf43bf43b.js]
[vakinhasdobem.org/salveohugo/wp-includes/js/jquery/jquery-migrate.min55895589.js]
[vakinhasdobem.org/salveohugo/wp-content/plugins/pixelyoursite/dist/scripts/jquery.bind-first-0.2.3.mind1c0d1c0.js]
[vakinhasdobem.org/salveohugo/wp-content/plugins/pixelyoursite/dist/scripts/js.cookie-2.1.3.min4c714c71.js]
[vakinhasdobem.org/salveohugo/wp-content/plugins/pixelyoursite/dist/scripts/tld.min254d254d.js]
[vakinhasdobem.org/salveohugo/wp-content/plugins/pixelyoursite/dist/scripts/publice1f4e1f4.js]
[vakinhasdobem.org/salveohugo/wp-json/index.html]
[vakinhasdobem.org/salveohugo/wp-json/wp/v2/pages/204.json]
[vakinhasdobem.org/salveohugo/index-2.html]
[vakinhasdobem.org/salveohugo/wp-json/oembed/1.0/embedfa9efa9e.json]
[vakinhasdobem.org/salveohugo/wp-content/themes/yith-wonder/assets/fonts/Mulish-VariableFont_wght.ttf]
[vakinhasdobem.org/salveohugo/wp-content/themes/yith-wonder/assets/fonts/Mulish-Italic-VariableFont_wght.ttf]
[vakinhasdobem.org/salveohugo/wp-content/themes/yith-wonder/assets/fonts/Raleway-VariableFont_wght.ttf]
[vakinhasdobem.org/salveohugo/wp-content/themes/yith-wonder/assets/fonts/Raleway-Italic-VariableFont_wght.ttf]
[vakinhasdobem.org/salveohugo/wp-content/themes/yith-wonder/assets/fonts/RobotoSlab-VariableFont_wght.ttf]
[vakinhasdobem.org/salveohugo/wp-content/themes/yith-wonder/assets/fonts/Jost-VariableFont_wght.ttf]
[vakinhasdobem.org/salveohugo/wp-content/themes/yith-wonder/assets/fonts/Jost-Italic-VariableFont_wght.ttf]
[vakinhasdobem.org/salveohugo/wp-content/themes/yith-wonder/assets/fonts/Montserrat-VariableFont_wght.ttf]
[vakinhasdobem.org/salveohugo/wp-content/themes/yith-wonder/assets/fonts/Montserrat-Italic-VariableFont_wght.ttf]
[vakinhasdobem.org/salveohugo/wp-content/themes/yith-wonder/assets/fonts/Nunito-VariableFont_wght.ttf]
[vakinhasdobem.org/salveohugo/wp-content/themes/yith-wonder/assets/fonts/Nunito-Italic-VariableFont_wght.ttf]
[vakinhasdobem.org/salveohugo/wp-content/themes/yith-wonder/assets/fonts/solway-v15-latin-300.woff2]
[vakinhasdobem.org/salveohugo/wp-content/themes/yith-wonder/assets/fonts/solway-v15-latin-regular.woff2]
[vakinhasdobem.org/salveohugo/wp-content/themes/yith-wonder/assets/fonts/solway-v15-latin-500.woff2]
[vakinhasdobem.org/salveohugo/wp-content/themes/yith-wonder/assets/fonts/solway-v15-latin-700.woff2]
[vakinhasdobem.org/salveohugo/wp-content/themes/yith-wonder/assets/fonts/solway-v15-latin-800.woff2]
[vakinhasdobem.org/salveohugo/wp-content/themes/yith-wonder/assets/fonts/changa-one-v18-latin-regular.woff2]
[vakinhasdobem.org/salveohugo/wp-content/themes/yith-wonder/assets/fonts/changa-one-v18-latin-italic.woff2]
[vakinhasdobem.org/salveohugo/wp-content/themes/yith-wonder/assets/fonts/source-sans-pro-v21-latin-200.woff2]
[vakinhasdobem.org/salveohugo/wp-content/themes/yith-wonder/assets/fonts/source-sans-pro-v21-latin-200italic.woff2]
[vakinhasdobem.org/salveohugo/wp-content/themes/yith-wonder/assets/fonts/source-sans-pro-v21-latin-300.woff2]
[vakinhasdobem.org/salveohugo/wp-content/themes/yith-wonder/assets/fonts/source-sans-pro-v21-latin-300italic.woff2]
[vakinhasdobem.org/salveohugo/wp-content/themes/yith-wonder/assets/fonts/source-sans-pro-v21-latin-regular.woff2]
[vakinhasdobem.org/salveohugo/wp-content/themes/yith-wonder/assets/fonts/source-sans-pro-v21-latin-italic.woff2]
[vakinhasdobem.org/salveohugo/wp-content/themes/yith-wonder/assets/fonts/source-sans-pro-v21-latin-600.woff2]
[vakinhasdobem.org/salveohugo/wp-content/themes/yith-wonder/assets/fonts/source-sans-pro-v21-latin-600italic.woff2]
[vakinhasdobem.org/salveohugo/wp-content/themes/yith-wonder/assets/fonts/source-sans-pro-v21-latin-700.woff2]
[vakinhasdobem.org/salveohugo/wp-content/themes/yith-wonder/assets/fonts/source-sans-pro-v21-latin-700italic.woff2]
[vakinhasdobem.org/salveohugo/wp-content/themes/yith-wonder/assets/fonts/source-sans-pro-v21-latin-900.woff2]
[vakinhasdobem.org/salveohugo/wp-content/themes/yith-wonder/assets/fonts/source-sans-pro-v21-latin-900italic.woff2]
[vakinhasdobem.org/salveohugo/wp-content/themes/yith-wonder/assets/fonts/merriweather-v30-latin-300.woff2]
[vakinhasdobem.org/salveohugo/wp-content/themes/yith-wonder/assets/fonts/merriweather-v30-latin-300italic.woff2]
[vakinhasdobem.org/salveohugo/wp-content/themes/yith-wonder/assets/fonts/merriweather-v30-latin-regular.woff2]
[vakinhasdobem.org/salveohugo/wp-content/themes/yith-wonder/assets/fonts/merriweather-v30-latin-italic.woff2]
[vakinhasdobem.org/salveohugo/wp-content/themes/yith-wonder/assets/fonts/merriweather-v30-latin-700.woff2]
[vakinhasdobem.org/salveohugo/wp-content/themes/yith-wonder/assets/fonts/merriweather-v30-latin-700italic.woff2]
[vakinhasdobem.org/salveohugo/wp-content/themes/yith-wonder/assets/fonts/merriweather-v30-latin-900.woff2]
[vakinhasdobem.org/salveohugo/wp-content/themes/yith-wonder/assets/fonts/merriweather-v30-latin-900italic.woff2]
[vakinhasdobem.org/salveohugo/wp-content/themes/yith-wonder/assets/fonts/poppins-v20-latin-100.woff2]
[vakinhasdobem.org/salveohugo/wp-content/themes/yith-wonder/assets/fonts/poppins-v20-latin-100italic.woff2]
[vakinhasdobem.org/salveohugo/wp-content/themes/yith-wonder/assets/fonts/poppins-v20-latin-200.woff2]
[vakinhasdobem.org/salveohugo/wp-content/themes/yith-wonder/assets/fonts/poppins-v20-latin-200italic.woff2]
[vakinhasdobem.org/salveohugo/wp-content/themes/yith-wonder/assets/fonts/poppins-v20-latin-300.woff2]
[vakinhasdobem.org/salveohugo/wp-content/themes/yith-wonder/assets/fonts/poppins-v20-latin-300italic.woff2]
[vakinhasdobem.org/salveohugo/wp-content/themes/yith-wonder/assets/fonts/poppins-v20-latin-regular.woff2]
[vakinhasdobem.org/salveohugo/wp-content/themes/yith-wonder/assets/fonts/poppins-v20-latin-italic.woff2]
[vakinhasdobem.org/salveohugo/wp-content/themes/yith-wonder/assets/fonts/poppins-v20-latin-500.woff2]
[vakinhasdobem.org/salveohugo/wp-content/themes/yith-wonder/assets/fonts/poppins-v20-latin-500italic.woff2]
[vakinhasdobem.org/salveohugo/wp-content/themes/yith-wonder/assets/fonts/poppins-v20-latin-600.woff2]
[vakinhasdobem.org/salveohugo/wp-content/themes/yith-wonder/assets/fonts/poppins-v20-latin-600italic.woff2]
[vakinhasdobem.org/salveohugo/wp-content/themes/yith-wonder/assets/fonts/poppins-v20-latin-700.woff2]
[vakinhasdobem.org/salveohugo/wp-content/themes/yith-wonder/assets/fonts/poppins-v20-latin-700italic.woff2]
[vakinhasdobem.org/salveohugo/wp-content/themes/yith-wonder/assets/fonts/poppins-v20-latin-800.woff2]
[vakinhasdobem.org/salveohugo/wp-content/themes/yith-wonder/assets/fonts/poppins-v20-latin-800italic.woff2]
[vakinhasdobem.org/salveohugo/wp-content/themes/yith-wonder/assets/fonts/poppins-v20-latin-900.woff2]
[vakinhasdobem.org/salveohugo/wp-content/themes/yith-wonder/assets/fonts/poppins-v20-latin-900italic.woff2]
[vakinhasdobem.org/salveohugo/wp-content/themes/yith-wonder/assets/fonts/satisfy-v17-latin-regular.woff2]
[vakinhasdobem.org/salveohugo/wp-content/themes/yith-wonder/assets/fonts/forum-v16-latin-regular.woff2]
[vakinhasdobem.org/salveohugo/wp-content/themes/yith-wonder/assets/fonts/oswald-v48-latin-200.woff2]
[vakinhasdobem.org/salveohugo/wp-content/themes/yith-wonder/assets/fonts/oswald-v48-latin-300.woff2]
[vakinhasdobem.org/salveohugo/wp-content/themes/yith-wonder/assets/fonts/oswald-v48-latin-regular.woff2]
[vakinhasdobem.org/salveohugo/wp-content/themes/yith-wonder/assets/fonts/oswald-v48-latin-500.woff2]
[vakinhasdobem.org/salveohugo/wp-content/themes/yith-wonder/assets/fonts/oswald-v48-latin-600.woff2]
[vakinhasdobem.org/salveohugo/wp-content/themes/yith-wonder/assets/fonts/playfair-display-v29-latin-regular.woff2]
[vakinhasdobem.org/salveohugo/wp-content/themes/yith-wonder/assets/fonts/playfair-display-v29-latin-italic.woff2]
[vakinhasdobem.org/salveohugo/wp-content/themes/yith-wonder/assets/fonts/playfair-display-v29-latin-500.woff2]
[vakinhasdobem.org/salveohugo/wp-content/themes/yith-wonder/assets/fonts/playfair-display-v29-latin-500italic.woff2]
[vakinhasdobem.org/salveohugo/wp-content/themes/yith-wonder/assets/fonts/playfair-display-v29-latin-600.woff2]
[vakinhasdobem.org/salveohugo/wp-content/themes/yith-wonder/assets/fonts/playfair-display-v29-latin-600italic.woff2]
[vakinhasdobem.org/salveohugo/wp-content/themes/yith-wonder/assets/fonts/playfair-display-v29-latin-700.woff2]
[vakinhasdobem.org/salveohugo/wp-content/themes/yith-wonder/assets/fonts/playfair-display-v29-latin-700italic.woff2]
[vakinhasdobem.org/salveohugo/wp-content/themes/yith-wonder/assets/fonts/playfair-display-v29-latin-800.woff2]
[vakinhasdobem.org/salveohugo/wp-content/themes/yith-wonder/assets/fonts/playfair-display-v29-latin-800italic.woff2]
[vakinhasdobem.org/salveohugo/wp-content/themes/yith-wonder/assets/fonts/playfair-display-v29-latin-900.woff2]
[vakinhasdobem.org/salveohugo/wp-content/themes/yith-wonder/assets/fonts/playfair-display-v29-latin-900italic.woff2]
[vakinhasdobem.org/salveohugo/video.mp4]
[vakinhasdobem.org/salveohugo/wp-content/plugins/elementor/assets/lib/swiper/v8/swiper.min94a494a4.js]
[vakinhasdobem.org/salveohugo/wp-content/plugins/Elementor Pro v3.25.4 - The Most Advanced Website Builder Plugin/assets/js/webpack-pro.runtime.min401f401f.js]
[vakinhasdobem.org/salveohugo/wp-content/plugins/elementor/assets/js/webpack.runtime.min3dd93dd9.js]
[vakinhasdobem.org/salveohugo/wp-content/plugins/elementor/assets/js/frontend-modules.min3dd93dd9.js]
[vakinhasdobem.org/salveohugo/wp-includes/js/dist/hooks.min4fdd4fdd.js]
[vakinhasdobem.org/salveohugo/wp-includes/js/dist/i18n.minc33cc33c.js]
[vakinhasdobem.org/salveohugo/wp-content/plugins/Elementor Pro v3.25.4 - The Most Advanced Website Builder Plugin/assets/js/frontend.min401f401f.js]
[vakinhasdobem.org/salveohugo/wp-includes/js/jquery/ui/core.minb37eb37e.js]
[vakinhasdobem.org/salveohugo/wp-content/plugins/elementor/assets/js/frontend.min3dd93dd9.js]
[vakinhasdobem.org/salveohugo/wp-content/plugins/Elementor Pro v3.25.4 - The Most Advanced Website Builder Plugin/assets/js/elements-handlers.min401f401f.js]
[vakinhasdobem.org/salveohugo/index.html]
[vakinhasdobem.org/salveohugo/feed/index.html]
[vakinhasdobem.org/salveohugo/comments/feed/index.html]
[vakinhasdobem.org/salveohugo/wp-content/themes/yith-wonder/assets/css/backwards-compatibility.min3c943c94.css]
[vakinhasdobem.org/salveohugo/wp-content/themes/yith-wonder/style3c943c94.css]
[vakinhasdobem.org/salveohugo/wp-content/themes/yith-wonder/assets/css/general-block-style.min3c943c94.css]
[vakinhasdobem.org/salveohugo/wp-content/themes/yith-wonder/assets/css/registered-block-styles.min3c943c94.css]
[vakinhasdobem.org/salveohugo/wp-content/plugins/elementor/assets/css/frontend.min3dd93dd9.css]
[vakinhasdobem.org/salveohugo/wp-content/uploads/elementor/css/post-145c695c69.css]
[vakinhasdobem.org/salveohugo/wp-content/plugins/Elementor Pro v3.25.4 - The Most Advanced Website Builder Plugin/assets/css/conditionals/popup.min401f401f.css]
[vakinhasdobem.org/salveohugo/wp-content/plugins/elementor/assets/css/widget-heading.min3dd93dd9.css]
[vakinhasdobem.org/salveohugo/wp-content/plugins/elementor/assets/css/widget-spacer.min3dd93dd9.css]
[vakinhasdobem.org/salveohugo/wp-content/plugins/elementor/assets/css/widget-video.min3dd93dd9.css]
[vakinhasdobem.org/salveohugo/wp-content/plugins/elementor/assets/lib/swiper/v8/css/swiper.min94a494a4.css]
[vakinhasdobem.org/salveohugo/wp-content/plugins/elementor/assets/css/conditionals/e-swiper.min3dd93dd9.css]
[vakinhasdobem.org/salveohugo/wp-content/plugins/elementor/assets/css/widget-image-carousel.min3dd93dd9.css]
[vakinhasdobem.org/salveohugo/wp-content/uploads/elementor/css/post-204adedaded.css]
[vakinhasdobem.org/salveohugo/wp-json/index.html]
[vakinhasdobem.org/salveohugo/index-2.html]
[vakinhasdobem.org/salveohugo/wp-json/oembed/1.0/embedbf0ebf0e.html]
[vakinhasdobem.org/salveohugo/comments/feed/_https_/gravatar.com/__Gravatar_/a_.html]
[vakinhasdobem.org/salveohugo/xmlrpc0db00db0.html]
